// Jest Snapshot v1, https://goo.gl/fbAQLP

exports[`Form should match the snapshot with all the data passed through 1`] = `
<div
  className="form-wrapper-div"
>
  <h2
    className="hidden"
  >
    Please fill out all inputs to submit reservation
  </h2>
  <div
    className="input-wrapper-div"
  >
    <input
      className="form-input"
      id="name"
      name="name"
      onChange={[Function]}
      placeholder="Name"
      type="text"
    />
    <input
      className="form-input"
      id="date"
      min="2019-12-11"
      name="date"
      onChange={[Function]}
      placeholder="Date(mm/dd)"
      type="date"
    />
    <input
      className="form-input"
      id="time"
      name="time"
      onChange={[Function]}
      placeholder="Time"
      type="time"
    />
    <input
      className="form-input"
      id="number"
      name="number"
      onChange={[Function]}
      placeholder="Number of Guests"
      type="number"
    />
    <button
      className="submit-btn"
      id="form-btn"
      onClick={[Function]}
    >
      Make Reservation
    </button>
  </div>
</div>
`;
